// Jest Snapshot v1, https://goo.gl/fbAQLP

exports[`MyForm handles submit 1`] = `
<div
  data-testid="form-result"
>
  Your name is 
  Stefan Slobodan
</div>
`;
